This file contains any messages produced by compilers while
running configure, to aid debugging if configure makes a mistake.

It was created by GNU C Library configure (see version.h), which was
generated by GNU Autoconf 2.69.  Invocation command line was

  $ ../glibc-2.31/configure --prefix=/workspaces/glibc-devcontainer/glibc-install CFLAGS=-O1 -g3 -ggdb

## --------- ##
## Platform. ##
## --------- ##

hostname = baa48961f9c1
uname -m = aarch64
uname -r = 6.10.14-linuxkit
uname -s = Linux
uname -v = #1 SMP Thu Mar 20 16:32:56 UTC 2025

/usr/bin/uname -p = unknown
/bin/uname -X     = unknown

/bin/arch              = unknown
/usr/bin/arch -k       = unknown
/usr/convex/getsysinfo = unknown
/usr/bin/hostinfo      = unknown
/bin/machine           = unknown
/usr/bin/oslevel       = unknown
/bin/universe          = unknown

PATH: /usr/local/sbin
PATH: /vscode/cursor-server/bin/linux-arm64/61e99179e4080fecf9d8b92c6e2e3e00fbfb53f0/bin/remote-cli
PATH: /usr/local/sbin
PATH: /usr/local/bin
PATH: /usr/sbin
PATH: /usr/bin
PATH: /sbin
PATH: /bin
PATH: /root/.local/bin


## ----------- ##
## Core tests. ##
## ----------- ##

configure:2218: checking build system type
configure:2232: result: aarch64-unknown-linux-gnu
configure:2252: checking host system type
configure:2265: result: aarch64-unknown-linux-gnu
configure:2334: checking for gcc
configure:2350: found /usr/bin/gcc
configure:2361: result: gcc
configure:2590: checking for C compiler version
configure:2599: gcc --version >&5
gcc (Debian 10.2.1-6) 10.2.1 20210110
Copyright (C) 2020 Free Software Foundation, Inc.
This is free software; see the source for copying conditions.  There is NO
warranty; not even for MERCHANTABILITY or FITNESS FOR A PARTICULAR PURPOSE.

configure:2610: $? = 0
configure:2599: gcc -v >&5
Using built-in specs.
COLLECT_GCC=gcc
COLLECT_LTO_WRAPPER=/usr/lib/gcc/aarch64-linux-gnu/10/lto-wrapper
Target: aarch64-linux-gnu
Configured with: ../src/configure -v --with-pkgversion='Debian 10.2.1-6' --with-bugurl=file:///usr/share/doc/gcc-10/README.Bugs --enable-languages=c,ada,c++,go,d,fortran,objc,obj-c++,m2 --prefix=/usr --with-gcc-major-version-only --program-suffix=-10 --program-prefix=aarch64-linux-gnu- --enable-shared --enable-linker-build-id --libexecdir=/usr/lib --without-included-gettext --enable-threads=posix --libdir=/usr/lib --enable-nls --enable-bootstrap --enable-clocale=gnu --enable-libstdcxx-debug --enable-libstdcxx-time=yes --with-default-libstdcxx-abi=new --enable-gnu-unique-object --disable-libquadmath --disable-libquadmath-support --enable-plugin --enable-default-pie --with-system-zlib --enable-libphobos-checking=release --with-target-system-zlib=auto --enable-objc-gc=auto --enable-multiarch --enable-fix-cortex-a53-843419 --disable-werror --enable-checking=release --build=aarch64-linux-gnu --host=aarch64-linux-gnu --target=aarch64-linux-gnu --with-build-config=bootstrap-lto-lean --enable-link-mutex
Thread model: posix
Supported LTO compression algorithms: zlib zstd
gcc version 10.2.1 20210110 (Debian 10.2.1-6) 
configure:2610: $? = 0
configure:2599: gcc -V >&5
gcc: error: unrecognized command-line option '-V'
gcc: fatal error: no input files
compilation terminated.
configure:2610: $? = 1
configure:2599: gcc -qversion >&5
gcc: error: unrecognized command-line option '-qversion'; did you mean '--version'?
gcc: fatal error: no input files
compilation terminated.
configure:2610: $? = 1
configure:2615: checking for suffix of object files
configure:2637: gcc -c -O1 -g3 -ggdb  conftest.c >&5
configure:2641: $? = 0
configure:2662: result: o
configure:2666: checking whether we are using the GNU C compiler
configure:2685: gcc -c -O1 -g3 -ggdb  conftest.c >&5
configure:2685: $? = 0
configure:2694: result: yes
configure:2703: checking whether gcc accepts -g
configure:2723: gcc -c -g  conftest.c >&5
configure:2723: $? = 0
configure:2764: result: yes
configure:2884: checking for readelf
configure:2900: found /usr/bin/readelf
configure:2911: result: readelf
configure:2993: checking for g++
configure:3009: found /usr/bin/g++
configure:3020: result: g++
configure:3047: checking for C++ compiler version
configure:3056: g++ --version >&5
g++ (Debian 10.2.1-6) 10.2.1 20210110
Copyright (C) 2020 Free Software Foundation, Inc.
This is free software; see the source for copying conditions.  There is NO
warranty; not even for MERCHANTABILITY or FITNESS FOR A PARTICULAR PURPOSE.

configure:3067: $? = 0
configure:3056: g++ -v >&5
Using built-in specs.
COLLECT_GCC=g++
COLLECT_LTO_WRAPPER=/usr/lib/gcc/aarch64-linux-gnu/10/lto-wrapper
Target: aarch64-linux-gnu
Configured with: ../src/configure -v --with-pkgversion='Debian 10.2.1-6' --with-bugurl=file:///usr/share/doc/gcc-10/README.Bugs --enable-languages=c,ada,c++,go,d,fortran,objc,obj-c++,m2 --prefix=/usr --with-gcc-major-version-only --program-suffix=-10 --program-prefix=aarch64-linux-gnu- --enable-shared --enable-linker-build-id --libexecdir=/usr/lib --without-included-gettext --enable-threads=posix --libdir=/usr/lib --enable-nls --enable-bootstrap --enable-clocale=gnu --enable-libstdcxx-debug --enable-libstdcxx-time=yes --with-default-libstdcxx-abi=new --enable-gnu-unique-object --disable-libquadmath --disable-libquadmath-support --enable-plugin --enable-default-pie --with-system-zlib --enable-libphobos-checking=release --with-target-system-zlib=auto --enable-objc-gc=auto --enable-multiarch --enable-fix-cortex-a53-843419 --disable-werror --enable-checking=release --build=aarch64-linux-gnu --host=aarch64-linux-gnu --target=aarch64-linux-gnu --with-build-config=bootstrap-lto-lean --enable-link-mutex
Thread model: posix
Supported LTO compression algorithms: zlib zstd
gcc version 10.2.1 20210110 (Debian 10.2.1-6) 
configure:3067: $? = 0
configure:3056: g++ -V >&5
g++: error: unrecognized command-line option '-V'
g++: fatal error: no input files
compilation terminated.
configure:3067: $? = 1
configure:3056: g++ -qversion >&5
g++: error: unrecognized command-line option '-qversion'; did you mean '--version'?
g++: fatal error: no input files
compilation terminated.
configure:3067: $? = 1
configure:3071: checking whether we are using the GNU C++ compiler
configure:3090: g++ -c   conftest.cpp >&5
configure:3090: $? = 0
configure:3099: result: yes
configure:3108: checking whether g++ accepts -g
configure:3128: g++ -c -g  conftest.cpp >&5
configure:3128: $? = 0
configure:3169: result: yes
configure:3194: checking whether g++ can link programs
configure:3217: g++ -o conftest -g -O2   conftest.cpp  >&5
configure:3217: $? = 0
configure:3240: g++ -o conftest -g -O2   -static conftest.cpp  >&5
configure:3240: $? = 0
configure:3255: result: yes
configure:3794: gcc -c -O1 -g3 -ggdb  conftest.c >&5
conftest.c: In function 'main':
conftest.c:18:2: error: #error no CET compiler support
   18 | #error no CET compiler support
      |  ^~~~~
configure:3794: $? = 1
configure: failed program was:
| /* confdefs.h */
| #define PACKAGE_NAME "GNU C Library"
| #define PACKAGE_TARNAME "glibc"
| #define PACKAGE_VERSION "(see version.h)"
| #define PACKAGE_STRING "GNU C Library (see version.h)"
| #define PACKAGE_BUGREPORT "https://sourceware.org/bugzilla/"
| #define PACKAGE_URL "https://www.gnu.org/software/glibc/"
| #define PKGVERSION "(GNU libc) "
| #define REPORT_BUGS_TO "<https://www.gnu.org/software/libc/bugs.html>"
| #define HAVE_TUNABLES 1
| /* end confdefs.h.  */
| 
| int
| main ()
| {
| 
| #ifndef __CET__
| #error no CET compiler support
| #endif
|   ;
|   return 0;
| }
configure:3853: checking for sysdeps preconfigure fragments
configure:6: checking for grep that handles long lines and -e
configure:64: result: /bin/grep
configure:69: checking for egrep
configure:131: result: /bin/grep -E
configure:6: checking for grep that handles long lines and -e
configure:64: result: /bin/grep
configure:69: checking for egrep
configure:131: result: /bin/grep -E
configure:3860: result: 
configure:3890: checking for use of fpu sysdeps directories
configure:3909: result: yes
configure:3913: checking for -fstack-protector
configure:3919: gcc -O1 -g3 -ggdb  -Werror -fstack-protector -xc /dev/null -S -o /dev/null
configure:3922: $? = 0
configure:3930: result: yes
configure:3933: checking for -fstack-protector-strong
configure:3939: gcc -O1 -g3 -ggdb  -Werror -fstack-protector-strong -xc /dev/null -S -o /dev/null
configure:3942: $? = 0
configure:3950: result: yes
configure:3953: checking for -fstack-protector-all
configure:3959: gcc -O1 -g3 -ggdb  -Werror -fstack-protector-all -xc /dev/null -S -o /dev/null
configure:3962: $? = 0
configure:3970: result: yes
configure:4013: checking for assembler and linker STT_GNU_IFUNC support

Relocation section '.rela.dyn' at offset 0x260 contains 1 entry:
  Offset          Info           Type           Sym. Value    Sym. Name + Addend
000000011008  000000000408 R_AARCH64_IRELATI                    2c0

Relocation section '.rela.plt' at offset 0x278 contains 1 entry:
  Offset          Info           Type           Sym. Value    Sym. Name + Addend
000000011000  000000000408 R_AARCH64_IRELATI                    2c0
configure:4044: result: yes
configure:4048: checking for gcc attribute ifunc support
configure:4074: result: yes
configure:4079: checking whether the linker supports textrels along with ifunc
configure:4109: gcc -O1 -g3 -ggdb   -nostartfiles -nostdlib -fno-stack-protector -pie -o conftest conftest.S
/usr/bin/ld: warning: GNU indirect functions with DT_TEXTREL may result in a segfault at runtime; recompile with -fPIE
configure:4112: $? = 0
configure:4119: result: yes
configure:4124: checking if compiler warns about alias for function with incompatible types
conftest.c:9:34: error: 'foo_alias' alias between functions of incompatible types 'int(const void *, int)' and 'int (*(void))(const void *, int)' [-Werror=attribute-alias=]
    9 | extern __typeof (__redirect_foo) foo_alias __attribute__ ((alias ("foo")));
      |                                  ^~~~~~~~~
conftest.c:4:28: note: aliased declaration here
    4 | __typeof (__redirect_foo) *foo_impl (void)
      |                            ^~~~~~~~
cc1: all warnings being treated as errors
configure:4146: result: yes
configure:4184: checking sysdep dirs
configure:4381: result: sysdeps/generic
configure:4401: checking for a BSD-compatible install
configure:4469: result: /usr/bin/install -c
configure:4484: checking whether ln -s works
configure:4488: result: yes
configure:4514: checking whether as is GNU as
configure:4528: result: yes
configure:4533: checking whether ld is GNU ld
configure:4547: result: yes
configure:4557: checking for as
configure:4584: result: as
configure:4599: checking version of as
configure:4609: result: 2.35.2, ok
configure:4687: checking for ld
configure:4714: result: ld
configure:4729: checking version of ld
configure:4739: result: 2.35.2, ok
configure:4754: checking for gnumake
configure:4784: result: no
configure:4754: checking for gmake
configure:4770: found /usr/bin/gmake
configure:4781: result: gmake
configure:4796: checking version of gmake
configure:4806: result: 4.3, ok
configure:4818: checking for gnumsgfmt
configure:4848: result: no
configure:4818: checking for gmsgfmt
configure:4848: result: no
configure:4818: checking for msgfmt
configure:4834: found /usr/bin/msgfmt
configure:4845: result: msgfmt
configure:4860: checking version of msgfmt
configure:4870: result: 0.21, ok
configure:4881: checking for makeinfo
configure:4897: found /usr/bin/makeinfo
configure:4908: result: makeinfo
configure:4923: checking version of makeinfo
configure:4933: result: 6.7, ok
configure:4944: checking for sed
configure:4960: found /bin/sed
configure:4971: result: sed
configure:4986: checking version of sed
configure:4996: result: 4.7, ok
configure:5007: checking for gawk
configure:5023: found /usr/bin/gawk
configure:5034: result: gawk
configure:5049: checking version of gawk
configure:5059: result: 5.1.0, ok
configure:5070: checking for bison
configure:5086: found /usr/bin/bison
configure:5097: result: bison
configure:5112: checking version of bison
configure:5122: result: 3.7.5, ok
configure:5130: checking if gcc is sufficient to build libc
configure:5150: gcc -c -O1 -g3 -ggdb  conftest.c >&5
configure:5150: $? = 0
configure:5157: result: yes
configure:5206: checking for nm
configure:5222: found /usr/bin/nm
configure:5233: result: nm
configure:5331: checking for python3
configure:5347: found /usr/bin/python3
configure:5358: result: python3
configure:5373: checking version of python3
configure:5383: result: 3.9.2, ok
configure:5451: checking LD_LIBRARY_PATH variable
configure:5461: result: ok
configure:5472: checking for bash
configure:5490: found /bin/bash
configure:5503: result: /bin/bash
configure:5514: checking for perl
configure:5532: found /usr/bin/perl
configure:5545: result: /usr/bin/perl
configure:5559: checking for install-info
configure:5591: result: no
configure:5600: checking for .set assembler directive
configure:5626: result: yes
configure:5633: checking linker support for protected data symbol
configure:5643: gcc -nostdlib -nostartfiles -fno-stack-protector -fPIC -shared conftest.c -o conftest.so
configure:5646: $? = 0
configure:5653: gcc -nostdlib -nostartfiles -fno-stack-protector conftest.c -o conftest conftest.so
/usr/bin/ld: warning: cannot find entry symbol _start; defaulting to 0000000000000310
configure:5656: $? = 0
configure:5664: result: yes
configure:5668: checking linker support for INSERT in linker script
configure:5686: gcc -nostdlib -nostartfiles -fno-stack-protector -fPIC -shared conftest.c -Wl,-T,conftest.t -o conftest.so
configure:5689: $? = 0
configure:5696: result: yes
configure:5700: checking for broken __attribute__((alias()))
configure:5715: gcc -Werror -S conftest.c -o conftest.s 1>&5
configure:5718: $? = 0
configure:5728: result: no
configure:5734: checking whether to put _rtld_local into .sdata section
configure:5748: result: no
configure:5755: checking whether to use .ctors/.dtors header and trailer
configure:5772: gcc -O1 -g3 -ggdb   -fno-stack-protector -o conftest
		       conftest.c -static -nostartfiles -nostdlib
		       1>&5
configure:5775: $? = 0
configure:5801: result: no
configure:5808: checking for libunwind-support in compiler
configure:5825: result: no
configure:5834: checking whether --noexecstack is desirable for .S files
configure:5844: gcc -O1 -g3 -ggdb 
		   -S -o conftest.s conftest.c 1>&5
configure:5847: $? = 0
configure:5852: gcc  -Wa,--noexecstack
		      -c -o conftest.o conftest.s 1>&5
configure:5855: $? = 0
configure:5864: result: yes
configure:5871: checking for -z combreloc
configure:5885: gcc -O1 -g3 -ggdb  
			-fPIC -shared -fno-stack-protector -o conftest.so conftest.c
			-nostdlib -nostartfiles
			-Wl,-z,combreloc 1>&5
configure:5888: $? = 0
configure:5901: result: yes
configure:5909: checking for linker that supports -z execstack
configure:5922: gcc -O1 -g3 -ggdb   -fno-stack-protector
				-Wl,-z,execstack -nostdlib -nostartfiles
				-fPIC -shared -o conftest.so conftest.c
				1>&5
configure:5925: $? = 0
configure:5938: result: yes
configure:5942: checking for linker that supports --no-dynamic-linker
configure:5955: gcc -O1 -g3 -ggdb   -fno-stack-protector
				-Wl,--no-dynamic-linker -nostdlib -nostartfiles
				-fPIC -shared -o conftest.so conftest.c
				1>&5
configure:5958: $? = 0
configure:5971: result: yes
configure:5976: checking for -static-pie
configure:5982: gcc -static-pie -xc /dev/null -S -o /dev/null
configure:5985: $? = 0
configure:5993: result: yes
configure:5998: checking for -fpie
configure:6004: gcc -fpie -xc /dev/null -S -o /dev/null
configure:6007: $? = 0
configure:6015: result: yes
configure:6020: checking for --hash-style option
configure:6031: gcc -O1 -g3 -ggdb   -fno-stack-protector
			    -fPIC -shared -o conftest.so conftest.c
			    -Wl,--hash-style=both -nostdlib 1>&5
configure:6034: $? = 0
configure:6043: result: yes
configure:6051: checking for sufficient default -shared layout
configure:6070:   gcc  -shared -o conftest.so conftest.s 1>&5
configure:6073: $? = 0
configure:6105: result: yes
configure:6110: checking for GLOB_DAT reloc
configure:6123: gcc -O1 -g3 -ggdb  
			-fPIC -shared -o conftest.so conftest.c
			-nostdlib -nostartfiles -fno-stack-protector
			1>&5
configure:6126: $? = 0
configure:6139: result: yes
configure:6143: checking linker output format
configure:6157: result: elf64-littleaarch64
configure:6161: checking for -fno-toplevel-reorder -fno-section-anchors
configure:6171: gcc -O1 -g3 -ggdb  -S -fno-toplevel-reorder -fno-section-anchors
			    conftest.c 1>&5
configure:6174: $? = 0
configure:6183: result: yes
configure:6192: checking for -mtls-dialect=gnu2
configure:6206: gcc -O1 -g3 -ggdb  -S -fPIC -mtls-dialect=gnu2
		   conftest.c 1>&5
gcc: error: unrecognized argument in option '-mtls-dialect=gnu2'
gcc: note: valid arguments to '-mtls-dialect=' are: desc trad
configure:6209: $? = 1
configure:6218: result: no
configure:6224: checking whether cc puts quotes around section names
configure:6245: result: no
configure:6252: checking for __builtin_memset
configure:6264: gcc -O3 -S conftest.c -o - | grep -F memset > /dev/null
configure:6267: $? = 0
configure:6276: result: no
configure:6283: checking for redirection of built-in functions
configure:6296: gcc -O3 -S conftest.c -o - | grep -F my_strstr > /dev/null
configure:6299: $? = 0
configure:6308: result: yes
configure:6314: checking for compiler option to disable generation of FMA instructions
configure:6322: gcc -ffp-contract=off -xc /dev/null -S -o /dev/null
configure:6325: $? = 0
configure:6331: result: -ffp-contract=off
configure:6364: checking if gcc accepts -fno-tree-loop-distribute-patterns with __attribute__ ((__optimize__))
configure:6377: gcc -O1 -g3 -ggdb  -c conftest.c
configure:6380: $? = 0
configure:6387: result: yes
configure:6395: checking for libgd
configure:6415: gcc -o conftest -O1 -g3 -ggdb     conftest.c  -lgd -lpng -lz -lm >&5
conftest.c:19:10: fatal error: gd.h: No such file or directory
   19 | #include <gd.h>
      |          ^~~~~~
compilation terminated.
configure:6415: $? = 1
configure: failed program was:
| /* confdefs.h */
| #define PACKAGE_NAME "GNU C Library"
| #define PACKAGE_TARNAME "glibc"
| #define PACKAGE_VERSION "(see version.h)"
| #define PACKAGE_STRING "GNU C Library (see version.h)"
| #define PACKAGE_BUGREPORT "https://sourceware.org/bugzilla/"
| #define PACKAGE_URL "https://www.gnu.org/software/glibc/"
| #define PKGVERSION "(GNU libc) "
| #define REPORT_BUGS_TO "<https://www.gnu.org/software/libc/bugs.html>"
| #define HAVE_TUNABLES 1
| #define HAVE_CC_NO_STACK_PROTECTOR 1
| #define STACK_PROTECTOR_LEVEL 0
| #define USE_MULTIARCH 1
| #define HAVE_ASM_SET_DIRECTIVE 1
| #define NO_CTORS_DTORS_SECTIONS 1
| #define HAVE_Z_COMBRELOC 1
| #define HAVE_CC_INHIBIT_LOOP_TO_LIBCALL 1
| /* end confdefs.h.  */
| #include <gd.h>
| int
| main ()
| {
| gdImagePng (0, 0)
|   ;
|   return 0;
| }
configure:6428: result: no
configure:6437: checking for is_selinux_enabled in -lselinux
configure:6462: gcc -o conftest -O1 -g3 -ggdb   conftest.c -lselinux   >&5
/usr/bin/ld: cannot find -lselinux
collect2: error: ld returned 1 exit status
configure:6462: $? = 1
configure: failed program was:
| /* confdefs.h */
| #define PACKAGE_NAME "GNU C Library"
| #define PACKAGE_TARNAME "glibc"
| #define PACKAGE_VERSION "(see version.h)"
| #define PACKAGE_STRING "GNU C Library (see version.h)"
| #define PACKAGE_BUGREPORT "https://sourceware.org/bugzilla/"
| #define PACKAGE_URL "https://www.gnu.org/software/glibc/"
| #define PKGVERSION "(GNU libc) "
| #define REPORT_BUGS_TO "<https://www.gnu.org/software/libc/bugs.html>"
| #define HAVE_TUNABLES 1
| #define HAVE_CC_NO_STACK_PROTECTOR 1
| #define STACK_PROTECTOR_LEVEL 0
| #define USE_MULTIARCH 1
| #define HAVE_ASM_SET_DIRECTIVE 1
| #define NO_CTORS_DTORS_SECTIONS 1
| #define HAVE_Z_COMBRELOC 1
| #define HAVE_CC_INHIBIT_LOOP_TO_LIBCALL 1
| /* end confdefs.h.  */
| 
| /* Override any GCC internal prototype to avoid an error.
|    Use char because int might match the return type of a GCC
|    builtin and then its argument prototype would still apply.  */
| #ifdef __cplusplus
| extern "C"
| #endif
| char is_selinux_enabled ();
| int
| main ()
| {
| return is_selinux_enabled ();
|   ;
|   return 0;
| }
configure:6471: result: no
configure:6594: checking for _FORTIFY_SOURCE predefine
configure:6613: gcc -c -O1 -g3 -ggdb  conftest.c >&5
configure:6613: $? = 0
configure:6620: result: no
configure:6630: checking whether the linker provides working __ehdr_start
configure:6653: gcc -o conftest -O1 -g3 -ggdb -fPIC   -nostdlib -nostartfiles -shared -fno-stack-protector conftest.c  >&5
configure:6653: $? = 0
configure:6669: result: yes
configure:6679: checking for __builtin_trap with no external dependencies
configure:6696: gcc -c -O1 -g3 -ggdb  conftest.c >&5
configure:6696: $? = 0
libc_undefs=''
configure:6710: result: yes
configure:6724: checking whether the C++ compiler supports thread_local
configure:6752: g++ -c -g -O2 -std=gnu++11  conftest.cpp >&5
configure:6752: $? = 0
configure:6761: result: yes
configure:6791: result: running configure fragment for sysdeps/unix/sysv/linux/aarch64
configure:6791: result: running configure fragment for sysdeps/unix/sysv/linux
configure:9: checking installed Linux kernel header files
configure:28: gcc -c -O1 -g3 -ggdb  conftest.c >&5
configure:28: $? = 0
configure:35: result: 3.2.0 or later
configure:69: checking for kernel header at least 3.7.0
configure:87: gcc -c -O1 -g3 -ggdb  conftest.c >&5
configure:87: $? = 0
configure:93: result: ok
configure:142: checking for symlinks in /workspaces/glibc-devcontainer/glibc-install/include
configure:159: result: ok
configure:6791: result: running configure fragment for sysdeps/gnu
configure:6791: result: running configure fragment for sysdeps/aarch64
configure:13: checking for grep that handles long lines and -e
configure:71: result: /bin/grep
configure:76: checking for egrep
configure:138: result: /bin/grep -E
configure:143: checking for big endian
configure:164: result: no
configure:6854: checking whether -fPIC is default
conftest.c:2:3: error: #error PIC is default.
    2 | # error PIC is default.
      |   ^~~~~
configure:6870: result: yes
configure:6874: checking whether -fPIE is default
conftest.c:2:3: error: #error PIE is default.
    2 | # error PIE is default.
      |   ^~~~~
configure:6890: result: yes
configure:7036: creating ./config.status

## ---------------------- ##
## Running config.status. ##
## ---------------------- ##

This file was extended by GNU C Library config.status (see version.h), which was
generated by GNU Autoconf 2.69.  Invocation command line was

  CONFIG_FILES    = 
  CONFIG_HEADERS  = 
  CONFIG_LINKS    = 
  CONFIG_COMMANDS = 
  $ ./config.status 

on baa48961f9c1

config.status:947: creating config.make
config.status:947: creating Makefile
config.status:947: creating config.h
config.status:1121: executing default commands

## ---------------- ##
## Cache variables. ##
## ---------------- ##

ac_cv_build=aarch64-unknown-linux-gnu
ac_cv_c_compiler_gnu=yes
ac_cv_cxx_compiler_gnu=yes
ac_cv_env_CCC_set=
ac_cv_env_CCC_value=
ac_cv_env_CC_set=
ac_cv_env_CC_value=
ac_cv_env_CFLAGS_set=set
ac_cv_env_CFLAGS_value='-O1 -g3 -ggdb'
ac_cv_env_CPPFLAGS_set=
ac_cv_env_CPPFLAGS_value=
ac_cv_env_CPP_set=
ac_cv_env_CPP_value=
ac_cv_env_CXXFLAGS_set=
ac_cv_env_CXXFLAGS_value=
ac_cv_env_CXX_set=
ac_cv_env_CXX_value=
ac_cv_env_LDFLAGS_set=
ac_cv_env_LDFLAGS_value=
ac_cv_env_LIBS_set=
ac_cv_env_LIBS_value=
ac_cv_env_build_alias_set=
ac_cv_env_build_alias_value=
ac_cv_env_host_alias_set=
ac_cv_env_host_alias_value=
ac_cv_env_target_alias_set=
ac_cv_env_target_alias_value=
ac_cv_host=aarch64-unknown-linux-gnu
ac_cv_lib_selinux_is_selinux_enabled=no
ac_cv_objext=o
ac_cv_path_BASH_SHELL=/bin/bash
ac_cv_path_EGREP='/bin/grep -E'
ac_cv_path_GREP=/bin/grep
ac_cv_path_INSTALL_INFO=no
ac_cv_path_PERL=/usr/bin/perl
ac_cv_path_install='/usr/bin/install -c'
ac_cv_prog_AS=as
ac_cv_prog_AWK=gawk
ac_cv_prog_BISON=bison
ac_cv_prog_LD=ld
ac_cv_prog_MAKE=gmake
ac_cv_prog_MAKEINFO=makeinfo
ac_cv_prog_MSGFMT=msgfmt
ac_cv_prog_PYTHON_PROG=python3
ac_cv_prog_SED=sed
ac_cv_prog_ac_ct_CC=gcc
ac_cv_prog_ac_ct_CXX=g++
ac_cv_prog_ac_ct_NM=nm
ac_cv_prog_ac_ct_READELF=readelf
ac_cv_prog_cc_g=yes
ac_cv_prog_cxx_g=yes
libc_cv_aarch64_be=no
libc_cv_as_noexecstack=yes
libc_cv_asm_set_directive=yes
libc_cv_broken_alias_attribute=no
libc_cv_builtin_trap=yes
libc_cv_cc_loop_to_function=yes
libc_cv_cc_nofma=-ffp-contract=off
libc_cv_cc_pie_default=yes
libc_cv_cc_with_libunwind=no
libc_cv_compiler_default_cet=no
libc_cv_compiler_ok=yes
libc_cv_ctors_header=no
libc_cv_cxx_link_ok=yes
libc_cv_cxx_thread_local=yes
libc_cv_ehdr_start=yes
libc_cv_fno_toplevel_reorder=yes
libc_cv_fpie=yes
libc_cv_gcc_builtin_memset=no
libc_cv_gcc_builtin_redirection=yes
libc_cv_gcc_incompatible_alias=yes
libc_cv_gcc_indirect_function=yes
libc_cv_gcc_unwind_find_fde=no
libc_cv_has_glob_dat=yes
libc_cv_hashstyle=yes
libc_cv_have_sdata_section=no
libc_cv_have_section_quotes=no
libc_cv_idn=no
libc_cv_insert=yes
libc_cv_ld_gnu_indirect_function=yes
libc_cv_linux320='3.2.0 or later'
libc_cv_localstatedir='${prefix}/var'
libc_cv_mtls_dialect_gnu2=no
libc_cv_multidir=.
libc_cv_no_dynamic_linker=yes
libc_cv_nss_crypt=no
libc_cv_output_format=elf64-littleaarch64
libc_cv_pic_default=yes
libc_cv_pie_default=yes
libc_cv_predef_fortify_source=no
libc_cv_prog_as_gnu=yes
libc_cv_prog_ld_gnu=yes
libc_cv_protected_data=yes
libc_cv_ssp=yes
libc_cv_ssp_all=yes
libc_cv_ssp_strong=yes
libc_cv_static_nss_crypt=no
libc_cv_static_pie=yes
libc_cv_sysconfdir='${prefix}/etc'
libc_cv_textrel_ifunc=yes
libc_cv_use_default_link=yes
libc_cv_with_fp=yes
libc_cv_z_combreloc=yes
libc_cv_z_execstack=yes

## ----------------- ##
## Output variables. ##
## ----------------- ##

AR='ar'
AS='as'
ASFLAGS_config=' -Wa,--noexecstack'
AUTOCONF='no'
AWK='gawk'
BASH_SHELL='/bin/bash'
BISON='bison'
BUILD_CC=''
CC='gcc'
CFLAGS='-O1 -g3 -ggdb'
CPP='gcc -E'
CPPFLAGS=''
CPPUNDEFS=''
CXX='g++'
CXXFLAGS='-g -O2'
CXX_BITS_STD_ABS_H='/usr/include/c++/10/bits/std_abs.h'
CXX_CMATH_HEADER='/usr/include/c++/10/cmath'
CXX_CSTDLIB_HEADER='/usr/include/c++/10/cstdlib'
CXX_SYSINCLUDES=''
DEFINES=''
DEFS='-DHAVE_CONFIG_H'
ECHO_C=''
ECHO_N='-n'
ECHO_T=''
GPROF='gprof'
INSTALL_DATA='${INSTALL} -m 644'
INSTALL_INFO='no'
INSTALL_PROGRAM='${INSTALL}'
INSTALL_SCRIPT='${INSTALL}'
LD='ld'
LDFLAGS=''
LIBGD='no'
LIBOBJS=''
LIBS=''
LN_S='ln -s'
LTLIBOBJS=''
MAKE='gmake'
MAKEINFO='makeinfo'
MSGFMT='msgfmt'
NM='nm'
OBJCOPY='objcopy'
OBJDUMP='objdump'
OBJEXT='o'
PACKAGE_BUGREPORT='https://sourceware.org/bugzilla/'
PACKAGE_NAME='GNU C Library'
PACKAGE_STRING='GNU C Library (see version.h)'
PACKAGE_TARNAME='glibc'
PACKAGE_URL='https://www.gnu.org/software/glibc/'
PACKAGE_VERSION='(see version.h)'
PATH_SEPARATOR=':'
PERL='/usr/bin/perl'
PKGVERSION='(GNU libc) '
PKGVERSION_TEXI='(GNU libc) '
PYTHON='python3 -B'
PYTHON_PROG='python3'
READELF='readelf'
RELEASE='stable'
REPORT_BUGS_TEXI='@uref{https://www.gnu.org/software/libc/bugs.html}'
REPORT_BUGS_TO='<https://www.gnu.org/software/libc/bugs.html>'
SED='sed'
SHELL='/bin/bash'
SYSINCLUDES=''
VERSION='2.31'
ac_ct_CC='gcc'
ac_ct_CXX='g++'
all_warnings=''
base_machine='aarch64'
bindir='${exec_prefix}/bin'
bindnow='no'
build='aarch64-unknown-linux-gnu'
build_alias=''
build_cpu='aarch64'
build_crypt='yes'
build_nscd='yes'
build_obsolete_nsl='no'
build_os='linux-gnu'
build_pt_chown='no'
build_vendor='unknown'
cross_compiling='no'
datadir='${datarootdir}'
datarootdir='${prefix}/share'
docdir='${datarootdir}/doc/${PACKAGE_TARNAME}'
dvidir='${docdir}'
enable_timezone_tools='yes'
enable_werror='yes'
exec_prefix='${prefix}'
experimental_malloc='yes'
extra_nonshared_cflags=''
fno_unit_at_a_time='-fno-toplevel-reorder -fno-section-anchors'
force_install='yes'
hardcoded_path_in_tests='no'
have_libaudit=''
have_libcap=''
have_selinux='no'
have_tunables='yes'
host='aarch64-unknown-linux-gnu'
host_alias=''
host_cpu='aarch64'
host_os='linux-gnu'
host_vendor='unknown'
htmldir='${docdir}'
includedir='${prefix}/include'
infodir='${datarootdir}/info'
ldd_rewrite_script='no'
libc_cv_cc_loop_to_function='yes'
libc_cv_cc_nofma='-ffp-contract=off'
libc_cv_cc_pie_default='yes'
libc_cv_cc_submachine=''
libc_cv_cc_with_libunwind='no'
libc_cv_complocaledir=''
libc_cv_cxx_thread_local='yes'
libc_cv_fpie='yes'
libc_cv_gcc_unwind_find_fde='no'
libc_cv_has_glob_dat='yes'
libc_cv_hashstyle='yes'
libc_cv_insert='yes'
libc_cv_localstatedir='${prefix}/var'
libc_cv_mtls_dialect_gnu2='no'
libc_cv_multidir='.'
libc_cv_nss_crypt='no'
libc_cv_output_format='elf64-littleaarch64'
libc_cv_pic_default='yes'
libc_cv_pie_default='yes'
libc_cv_protected_data='yes'
libc_cv_rootsbindir=''
libc_cv_rtlddir=''
libc_cv_slibdir=''
libc_cv_ssp='yes'
libc_cv_static_nss_crypt='no'
libc_cv_sysconfdir='${prefix}/etc'
libc_cv_textrel_ifunc='yes'
libc_cv_with_fp='yes'
libc_cv_z_combreloc='yes'
libc_cv_z_execstack='yes'
libc_extra_cflags=''
libc_extra_cppflags=''
libdir='${exec_prefix}/lib'
libexecdir='${exec_prefix}/libexec'
link_obsolete_rpc='no'
localedir='${datarootdir}/locale'
localstatedir='${prefix}/var'
mach_interface_list=''
mandir='${datarootdir}/man'
multi_arch='default'
no_stack_protector='-fno-stack-protector -DSTACK_PROTECTOR_LEVEL=0'
oldincludedir='/usr/include'
pdfdir='${docdir}'
prefix='/workspaces/glibc-devcontainer/glibc-install'
profile='no'
program_transform_name='s,x,x,'
psdir='${docdir}'
sbindir='${exec_prefix}/sbin'
shared='yes'
sharedstatedir='${prefix}/com'
stack_protector='-fno-stack-protector'
static=''
static_nss='no'
subdirs=' '
submachine=''
sysconfdir='${prefix}/etc'
sysheaders=''
sysnames=' sysdeps/unix/sysv/linux/aarch64 sysdeps/aarch64/nptl sysdeps/unix/sysv/linux/generic sysdeps/unix/sysv/linux/wordsize-64 sysdeps/unix/sysv/linux sysdeps/nptl sysdeps/pthread sysdeps/gnu sysdeps/unix/inet sysdeps/unix/sysv sysdeps/unix sysdeps/posix sysdeps/aarch64/fpu sysdeps/aarch64/multiarch sysdeps/aarch64 sysdeps/wordsize-64 sysdeps/ieee754/ldbl-128 sysdeps/ieee754/dbl-64/wordsize-64 sysdeps/ieee754/dbl-64 sysdeps/ieee754/flt-32 sysdeps/ieee754 sysdeps/generic'
target_alias=''
use_default_link='yes'
use_ldconfig='yes'
use_nscd='yes'

## ----------- ##
## confdefs.h. ##
## ----------- ##

/* confdefs.h */
#define PACKAGE_NAME "GNU C Library"
#define PACKAGE_TARNAME "glibc"
#define PACKAGE_VERSION "(see version.h)"
#define PACKAGE_STRING "GNU C Library (see version.h)"
#define PACKAGE_BUGREPORT "https://sourceware.org/bugzilla/"
#define PACKAGE_URL "https://www.gnu.org/software/glibc/"
#define PKGVERSION "(GNU libc) "
#define REPORT_BUGS_TO "<https://www.gnu.org/software/libc/bugs.html>"
#define HAVE_TUNABLES 1
#define HAVE_CC_NO_STACK_PROTECTOR 1
#define STACK_PROTECTOR_LEVEL 0
#define USE_MULTIARCH 1
#define HAVE_ASM_SET_DIRECTIVE 1
#define NO_CTORS_DTORS_SECTIONS 1
#define HAVE_Z_COMBRELOC 1
#define HAVE_CC_INHIBIT_LOOP_TO_LIBCALL 1
#define HAVE_EHDR_START 1
#define HAVE_BUILTIN_TRAP 1
#define __LINUX_KERNEL_VERSION (3 * 65536 + 7 * 256 + 0)
#define __ABI_TAG_VERSION 3,7,0
#define HAVE_INLINED_SYSCALLS 1
#define HAVE_IFUNC 1
#define HAVE_GCC_IFUNC 1
#define USE_NSCD 1
#define USE_LDCONFIG 1

configure: exit 0
